Godot Engine v4.6.3.stable.official.7d41c59c4 - https://godotengine.org

[PASS] start
[PASS] same-source integration ablation
[PASS] day_1
FOOD_ECONOMY_DAY canon_integration_without_livelihood_repair_frozen2 1
[PASS] day_2
FOOD_ECONOMY_DAY canon_integration_without_livelihood_repair_frozen2 2
[PASS] day_3
FOOD_ECONOMY_DAY canon_integration_without_livelihood_repair_frozen2 3
[PASS] day_4
FOOD_ECONOMY_DAY canon_integration_without_livelihood_repair_frozen2 4
[PASS] day_5
FOOD_ECONOMY_DAY canon_integration_without_livelihood_repair_frozen2 5
[PASS] day_6
FOOD_ECONOMY_DAY canon_integration_without_livelihood_repair_frozen2 6
[PASS] day_7
FOOD_ECONOMY_DAY canon_integration_without_livelihood_repair_frozen2 7
[PASS] weekly diagnostic checkpoint
[PASS] day_8
FOOD_ECONOMY_DAY canon_integration_without_livelihood_repair_frozen2 8
[PASS] day_9
FOOD_ECONOMY_DAY canon_integration_without_livelihood_repair_frozen2 9
[PASS] day_10
FOOD_ECONOMY_DAY canon_integration_without_livelihood_repair_frozen2 10
[PASS] day_11
FOOD_ECONOMY_DAY canon_integration_without_livelihood_repair_frozen2 11
[PASS] day_12
FOOD_ECONOMY_DAY canon_integration_without_livelihood_repair_frozen2 12
[PASS] day_13
FOOD_ECONOMY_DAY canon_integration_without_livelihood_repair_frozen2 13
[PASS] day_14
FOOD_ECONOMY_DAY canon_integration_without_livelihood_repair_frozen2 14
[PASS] weekly diagnostic checkpoint
[PASS] day_15
FOOD_ECONOMY_DAY canon_integration_without_livelihood_repair_frozen2 15
[PASS] day_16
FOOD_ECONOMY_DAY canon_integration_without_livelihood_repair_frozen2 16
[PASS] day_17
FOOD_ECONOMY_DAY canon_integration_without_livelihood_repair_frozen2 17
[PASS] day_18
FOOD_ECONOMY_DAY canon_integration_without_livelihood_repair_frozen2 18
[PASS] day_19
FOOD_ECONOMY_DAY canon_integration_without_livelihood_repair_frozen2 19
[PASS] day_20
FOOD_ECONOMY_DAY canon_integration_without_livelihood_repair_frozen2 20
[PASS] day_21
FOOD_ECONOMY_DAY canon_integration_without_livelihood_repair_frozen2 21
[PASS] weekly diagnostic checkpoint
[PASS] day_22
FOOD_ECONOMY_DAY canon_integration_without_livelihood_repair_frozen2 22
[PASS] day_23
FOOD_ECONOMY_DAY canon_integration_without_livelihood_repair_frozen2 23
[PASS] day_24
FOOD_ECONOMY_DAY canon_integration_without_livelihood_repair_frozen2 24
[PASS] day_25
FOOD_ECONOMY_DAY canon_integration_without_livelihood_repair_frozen2 25
[PASS] day_26
FOOD_ECONOMY_DAY canon_integration_without_livelihood_repair_frozen2 26
[PASS] day_27
FOOD_ECONOMY_DAY canon_integration_without_livelihood_repair_frozen2 27
[PASS] day_28
FOOD_ECONOMY_DAY canon_integration_without_livelihood_repair_frozen2 28
[PASS] weekly diagnostic checkpoint
[PASS] day_29
FOOD_ECONOMY_DAY canon_integration_without_livelihood_repair_frozen2 29
[PASS] day_30
FOOD_ECONOMY_DAY canon_integration_without_livelihood_repair_frozen2 30
[PASS] native save
[PASS] references
[PASS] native load
[PASS] continuation
[PASS] restored continuation
[PASS] native precision continuation equal
[PASS] no actor actions
FOOD_ECONOMY_RESULT PASS
