Godot Engine v4.6.3.stable.official.7d41c59c4 - https://godotengine.org

[PASS] start
[PASS] day_1
FOOD_ECONOMY_DAY canon_danger_frozen1 1
[PASS] day_2
FOOD_ECONOMY_DAY canon_danger_frozen1 2
[PASS] day_3
FOOD_ECONOMY_DAY canon_danger_frozen1 3
[PASS] day_4
FOOD_ECONOMY_DAY canon_danger_frozen1 4
[PASS] day_5
FOOD_ECONOMY_DAY canon_danger_frozen1 5
[PASS] day_6
FOOD_ECONOMY_DAY canon_danger_frozen1 6
[PASS] day_7
FOOD_ECONOMY_DAY canon_danger_frozen1 7
[PASS] native save
[PASS] references
[PASS] native load
[PASS] continuation
[PASS] restored continuation
[PASS] native precision continuation equal
[PASS] no actor actions
FOOD_ECONOMY_RESULT PASS
