Godot Engine v4.6.3.stable.official.7d41c59c4 - https://godotengine.org

[V5 ORGANIZATION LIFECYCLE CONTRACT PASS] 1. G4-C2 组织生命周期通过正式 SimSession 装载原型配置
[V5 ORGANIZATION LIFECYCLE CONTRACT PASS] 2. 测试注入缺粮后的首日只积累社会压力，不瞬间生成组织
[V5 ORGANIZATION LIFECYCLE CONTRACT PASS] 3. 同一日重复 Tick 不会复制压力观察或提前成立组织
[V5 ORGANIZATION LIFECYCLE CONTRACT PASS] W1-A. 运行期组织成立从实际聚落金库拨款，不刷新货币
[V5 ORGANIZATION LIFECYCLE CONTRACT PASS] 4. 连续两日高粮压使河阶坞自行形成第一代临时共食会
[V5 ORGANIZATION LIFECYCLE CONTRACT PASS] 5. 创始职位由当地真实成年人承担，物资与成立事实均可追溯
[V5 ORGANIZATION LIFECYCLE CONTRACT PASS] 6. 当前聚落界面直接说明组织为何成立，不把关键因果藏在后台
[V5 ORGANIZATION LIFECYCLE CONTRACT PASS] 7. 新组织复用通用响应系统，能调拨真实库存而非只写成立文本
[V5 ORGANIZATION LIFECYCLE CONTRACT PASS] 8. 相同种子未遭持续粮压时不生成共食会，反事实路径不同
[V5 ORGANIZATION LIFECYCLE CONTRACT PASS] 9. 粮压首日缓解后组织先转向核清余项，不立即消失
[V5 ORGANIZATION LIFECYCLE CONTRACT PASS] W1-A. 实际生命周期退场归还未用拨款
[V5 ORGANIZATION LIFECYCLE CONTRACT PASS] 10. 连续两日缓解后临时组织软退场，成员卸任而历史实体保留
[V5 ORGANIZATION LIFECYCLE CONTRACT PASS] 11. 界面展示组织退场及原因，退场组织不再冒充当前组织
[V5 ORGANIZATION LIFECYCLE CONTRACT PASS] 12. 退场后三日冷却阻止组织因短期波动反复开关
[V5 ORGANIZATION LIFECYCLE CONTRACT PASS] W1-A. 重建组织仍从同一有限金库付款
[V5 ORGANIZATION LIFECYCLE CONTRACT PASS] 13. 冷却后再次持续缺粮会形成第二代组织，而非复活已退场实体
[V5 ORGANIZATION LIFECYCLE CONTRACT PASS] 14. 磁盘存档精确保留两代组织、退场状态、成员与来源事实
[V5 ORGANIZATION LIFECYCLE SAMPLE] {"formed":[{"actor_id":"generated_settlement.river_steps","day":2,"fact_id":"fact.organization_runtime_formed.runtime_organization_river_steps_provision_circle_cycle1","fact_type":"organization_runtime_formed","formation_streak":2,"founding_member_ids":["generated_resident.river_steps.002","generated_resident.river_steps.001"],"organization_id":"runtime_organization.river_steps.provision_circle.cycle1","prototype_id":"provision_circle","resource_stock_ids":["resource_stock.river_steps.trade.food","resource_stock.river_steps.resource_river_steps_fish","resource_stock.river_steps.resource_river_steps_soil"],"settlement_id":"generated_settlement.river_steps","signal_key":"food_pressure","signal_value":"high","source_fact_ids":["fact.organization_lifecycle_signal.generated_settlement_river_steps.provision_circle.formation.day2"],"summary":"石渡坞因持续粮压，石渡坞临时共食会由 2 名当地居民组成。","target_id":"runtime_organization.river_steps.provision_circle.cycle1"},{"actor_id":"generated_settlement.river_steps","day":8,"fact_id":"fact.organization_runtime_formed.runtime_organization_river_steps_provision_circle_cycle2","fact_type":"organization_runtime_formed","formation_streak":2,"founding_member_ids":["generated_resident.river_steps.002","generated_resident.river_steps.001"],"organization_id":"runtime_organization.river_steps.provision_circle.cycle2","prototype_id":"provision_circle","resource_stock_ids":["resource_stock.river_steps.trade.food","resource_stock.river_steps.resource_river_steps_fish","resource_stock.river_steps.resource_river_steps_soil"],"settlement_id":"generated_settlement.river_steps","signal_key":"food_pressure","signal_value":"high","source_fact_ids":["fact.organization_lifecycle_signal.generated_settlement_river_steps.provision_circle.formation.day8"],"summary":"石渡坞因持续粮压，石渡坞临时共食会由 2 名当地居民组成。","target_id":"runtime_organization.river_steps.provision_circle.cycle2"}],"goal_changed":[{"actor_id":"runtime_organization.river_steps.provision_circle.cycle1","day":3,"fact_id":"fact.organization_goal_changed.runtime_organization_river_steps_provision_circle_cycle1.day3","fact_type":"organization_goal_changed","goal":"核清余粮与未结供食记录，准备结束临时职责。","organization_id":"runtime_organization.river_steps.provision_circle.cycle1","settlement_id":"generated_settlement.river_steps","source_fact_ids":["fact.organization_lifecycle_signal.generated_settlement_river_steps.provision_circle.recovery.day3"],"summary":"石渡坞临时共食会：粮压已经缓解，临时组织转向核清余项并准备退出。","target_id":"runtime_organization.river_steps.provision_circle.cycle1"}],"response":[{"actor_id":"runtime_organization.river_steps.provision_circle.cycle1","amount":2.0,"day":2,"destination_stock_id":"resource_stock.river_steps.trade.food","fact_id":"fact.organization_action.runtime_organization.river_steps.provision_circle.cycle1.local_provisioning.day2","fact_type":"organization_local_provisions_transferred","food_pressure":"high","organization_id":"runtime_organization.river_steps.provision_circle.cycle1","settlement_id":"generated_settlement.river_steps","source_fact_ids":["fact.organization_lifecycle_signal.generated_settlement_river_steps.provision_circle.formation.day2","fact.resource_stock.river_steps.resource_river_steps_fish","fact.generated_settlement.river_steps.81998","fact.resource_stock.river_steps.trade.food","fact.generated_settlement_network.81001","fact.resource_pressure.generated_settlement.river_steps.test.organization_lifecycle.high_pressure_day1.day1"],"source_stock_id":"resource_stock.river_steps.resource_river_steps_fish","summary":"石渡坞临时共食会把 2.0 份河汊鱼群转入外来口粮储备，没有凭空增加食物。","target_id":"generated_settlement.river_steps"}],"retired":[{"actor_id":"runtime_organization.river_steps.provision_circle.cycle1","day":4,"fact_id":"fact.organization_runtime_retired.runtime_organization_river_steps_provision_circle_cycle1.day4","fact_type":"organization_runtime_retired","organization_id":"runtime_organization.river_steps.provision_circle.cycle1","prototype_id":"provision_circle","settlement_id":"generated_settlement.river_steps","source_fact_ids":["fact.organization_lifecycle_signal.generated_settlement_river_steps.provision_circle.recovery.day4"],"summary":"石渡坞临时共食会：粮压连续缓解后，组织结束临时职责，但成员、关系和行动仍保留在历史中。","target_id":"runtime_organization.river_steps.provision_circle.cycle1"}]}
[V5 ORGANIZATION LIFECYCLE CONTRACT RESULT] PASS
