Godot Engine v4.6.3.stable.official.7d41c59c4 - https://godotengine.org

[   0% ] [90m[1mfirst_scan_filesystem[22m | Started Project initialization (5 steps)[39m[0m
[   0% ] [90m[1mfirst_scan_filesystem[22m | Scanning file structure...[39m[0m
[  16% ] [90m[1mfirst_scan_filesystem[22m | Loading global class names...[39m[0m
[  33% ] [90m[1mfirst_scan_filesystem[22m | Verifying GDExtensions...[39m[0m
[  50% ] [90m[1mfirst_scan_filesystem[22m | Creating autoload scripts...[39m[0m
[  66% ] [90m[1mfirst_scan_filesystem[22m | Initializing plugins...[39m[0m
[  83% ] [90m[1mfirst_scan_filesystem[22m | Starting file scan...[39m[0m
[92m[ DONE ][39m [1mfirst_scan_filesystem[22m
[0m
[   0% ] [90m[1m_update_scan_actions[22m | Started Scanning actions... (4 steps)[39m[0m
[   0% ] [90m[1m_update_scan_actions[22m | outpost_recovery_second_page_day6.png[39m[0m
[  20% ] [90m[1m_update_scan_actions[22m | outpost_repeat_audit_day3.png[39m[0m
[  40% ] [90m[1m_update_scan_actions[22m | outpost_repeat_training_day5.png[39m[0m
[  60% ] [90m[1m_update_scan_actions[22m | outpost_week_end.png[39m[0m
[92m[ DONE ][39m [1m_update_scan_actions[22m
[0m
[   0% ] [90m[1msavepack[22m | Started Packing (102 steps)[39m[0m
[   1% ] [90m[1msavepack[22m | Storing File: res://.godot/imported/reed_bank_landing_v1.png-bb93816a72a2d32fa2845dc93d561eb4.ctex[39m[0m
[   1% ] [90m[1msavepack[22m | Storing File: res://art/environments/reed_bank_landing_v1.png.import[39m[0m
[   1% ] [90m[1msavepack[22m | Storing File: res://.godot/imported/SourceHanSerifSC-VF.ttf-dc58f60ee172f8a934e8fbafbddb91db.fontdata[39m[0m
[   1% ] [90m[1msavepack[22m | Storing File: res://art/fonts/SourceHanSerifSC-VF.ttf.import[39m[0m
[   1% ] [90m[1msavepack[22m | Storing File: res://.godot/imported/icon.svg-15d7e0c3d7b78d6209069300cf608aba.ctex[39m[0m
[   1% ] [90m[1msavepack[22m | Storing File: res://art/icons/icon.svg.import[39m[0m
[   2% ] [90m[1msavepack[22m | Storing File: res://art/catalog.json[39m[0m
[   2% ] [90m[1msavepack[22m | Storing File: res://data/common/creatures.json[39m[0m
[   3% ] [90m[1msavepack[22m | Storing File: res://data/common/flora.json[39m[0m
[   3% ] [90m[1msavepack[22m | Storing File: res://data/common/hazards.json[39m[0m
[   4% ] [90m[1msavepack[22m | Storing File: res://data/common/loot.json[39m[0m
[   4% ] [90m[1msavepack[22m | Storing File: res://data/common/resources.json[39m[0m
[   4% ] [90m[1msavepack[22m | Storing File: res://data/common/traits.json[39m[0m
[   5% ] [90m[1msavepack[22m | Storing File: res://data/common/weather.json[39m[0m
[   5% ] [90m[1msavepack[22m | Storing File: res://data/creatures/mirror_wraith.json[39m[0m
[   6% ] [90m[1msavepack[22m | Storing File: res://data/events/mirror_travel_dream_reflection.json[39m[0m
[   6% ] [90m[1msavepack[22m | Storing File: res://data/events/mirror_travel_lamp_keeper.json[39m[0m
[   7% ] [90m[1msavepack[22m | Storing File: res://data/items/mist_boots.json[39m[0m
[   7% ] [90m[1msavepack[22m | Storing File: res://data/rebuild/lake_town_location_foundation.json[39m[0m
[   7% ] [90m[1msavepack[22m | Storing File: res://data/regions/回响之境/地区/中央偏北界域 - 碎星与镜湖/碎星山脉区域/碎星山脉区域.json[39m[0m
[   8% ] [90m[1msavepack[22m | Storing File: res://data/regions/回响之境/地区/中央偏北界域 - 碎星与镜湖/镜湖森林带/倒影之森 - Forest of Echoing Reflections/梦境之崖 - Cliffs of the Dreamrealm/梦境之崖.json[39m[0m
[   8% ] [90m[1msavepack[22m | Storing File: res://data/regions/回响之境/地区/中央偏北界域 - 碎星与镜湖/镜湖森林带/倒影之森 - Forest of Echoing Reflections/倒影之森.json[39m[0m
[   9% ] [90m[1msavepack[22m | Storing File: res://data/regions/回响之境/地区/中央偏北界域 - 碎星与镜湖/镜湖森林带/光灭森林 - Forest of Dying Light/光灭森林.json[39m[0m
[   9% ] [90m[1msavepack[22m | Storing File: res://data/regions/回响之境/地区/中央偏北界域 - 碎星与镜湖/镜湖森林带/沉默森林 - Forest of Silence/沉默森林.json[39m[0m
[  10% ] [90m[1msavepack[22m | Storing File: res://data/regions/回响之境/地区/中央偏北界域 - 碎星与镜湖/镜湖森林带/遗忘之森 - Forest of the Forgotten/遗忘之森.json[39m[0m
[  10% ] [90m[1msavepack[22m | Storing File: res://data/regions/回响之境/地区/中央偏北界域 - 碎星与镜湖/镜湖森林带/镜湖森林带.json[39m[0m
[  11% ] [90m[1msavepack[22m | Storing File: res://data/regions/镜湖/mirrorlake.json[39m[0m
[  11% ] [90m[1msavepack[22m | Storing File: res://data/regions/region_index.json[39m[0m
[  11% ] [90m[1msavepack[22m | Storing File: res://data/sim/fixtures/scenarios/lake_town_food_crisis_sequence.json[39m[0m
[  12% ] [90m[1msavepack[22m | Storing File: res://data/sim/fixtures/scenarios/seventh_outpost_conceal_sequence.json[39m[0m
[  12% ] [90m[1msavepack[22m | Storing File: res://data/sim/fixtures/scenarios/seventh_outpost_report_sequence.json[39m[0m
[  13% ] [90m[1msavepack[22m | Storing File: res://data/sim/fixtures/core_system_contract_fixture.json[39m[0m
[  13% ] [90m[1msavepack[22m | Storing File: res://data/sim/fixtures/generated_resident_hamlet_fixture.json[39m[0m
[  14% ] [90m[1msavepack[22m | Storing File: res://data/sim/fixtures/generated_settlement_network_fixture.json[39m[0m
[  14% ] [90m[1msavepack[22m | Storing File: res://data/sim/fixtures/generated_settlement_site_fixture.json[39m[0m
[  14% ] [90m[1msavepack[22m | Storing File: res://data/sim/fixtures/lake_town_food_crisis_fixture.json[39m[0m
[  15% ] [90m[1msavepack[22m | Storing File: res://data/sim/fixtures/seventh_outpost_after_first_winter_transition_fixture.json[39m[0m
[  15% ] [90m[1msavepack[22m | Storing File: res://data/sim/fixtures/seventh_outpost_first_quarter_fixture.json[39m[0m
[  16% ] [90m[1msavepack[22m | Storing File: res://data/sim/fixtures/seventh_outpost_first_winter_fixture.json[39m[0m
[  16% ] [90m[1msavepack[22m | Storing File: res://data/sim/fixtures/seventh_outpost_first_year_close_fixture.json[39m[0m
[  17% ] [90m[1msavepack[22m | Storing File: res://data/sim/fixtures/seventh_outpost_ration_fixture.json[39m[0m
[  17% ] [90m[1msavepack[22m | Storing File: res://data/sim/fixtures/seventh_outpost_second_year_reception_fixture.json[39m[0m
[  17% ] [90m[1msavepack[22m | Storing File: res://data/sim/raw/action_rules/basic_action_rules.json[39m[0m
[  18% ] [90m[1msavepack[22m | Storing File: res://data/sim/raw/action_rules/domain_action_rules.json[39m[0m
[  18% ] [90m[1msavepack[22m | Storing File: res://data/sim/raw/action_rules/test_action_rules.json[39m[0m
[  19% ] [90m[1msavepack[22m | Storing File: res://data/sim/raw/character_feature_defs/basic_character_feature_defs.json[39m[0m
[  19% ] [90m[1msavepack[22m | Storing File: res://data/sim/raw/effect_templates/basic_effect_templates.json[39m[0m
[  20% ] [90m[1msavepack[22m | Storing File: res://data/sim/raw/equipment_slot_defs/basic_equipment_slot_defs.json[39m[0m
[  20% ] [90m[1msavepack[22m | Storing File: res://data/sim/raw/generation_defs/north_border_organizations_v1.json[39m[0m
[  21% ] [90m[1msavepack[22m | Storing File: res://data/sim/raw/generation_defs/north_border_residents_v1.json[39m[0m
[  21% ] [90m[1msavepack[22m | Storing File: res://data/sim/raw/generation_defs/north_border_settlements_v1.json[39m[0m
[  21% ] [90m[1msavepack[22m | Storing File: res://data/sim/raw/item_defs/basic_item_defs.json[39m[0m
[  22% ] [90m[1msavepack[22m | Storing File: res://data/sim/raw/life_projects/seventh_outpost_first_quarter.json[39m[0m
[  22% ] [90m[1msavepack[22m | Storing File: res://data/sim/raw/life_projects/seventh_outpost_first_winter.json[39m[0m
[  23% ] [90m[1msavepack[22m | Storing File: res://data/sim/raw/life_projects/seventh_outpost_first_year_close.json[39m[0m
[  23% ] [90m[1msavepack[22m | Storing File: res://data/sim/raw/life_projects/seventh_outpost_post_winter_transition_contract.json[39m[0m
[  24% ] [90m[1msavepack[22m | Storing File: res://data/sim/raw/life_projects/seventh_outpost_second_year_reception.json[39m[0m
[  24% ] [90m[1msavepack[22m | Storing File: res://data/sim/raw/npc_action_rules/basic_npc_action_rules.json[39m[0m
[  24% ] [90m[1msavepack[22m | Storing File: res://data/sim/raw/npc_need_profiles/basic_npc_need_profiles.json[39m[0m
[  25% ] [90m[1msavepack[22m | Storing File: res://data/sim/raw/object_defs/basic_object_defs.json[39m[0m
[  25% ] [90m[1msavepack[22m | Storing File: res://data/sim/raw/relationship_defs/relationship_axis_defs.json[39m[0m
[  26% ] [90m[1msavepack[22m | Storing File: res://data/sim/raw/state_defs/basic_state_defs.json[39m[0m
[  26% ] [90m[1msavepack[22m | Storing File: res://data/world_seed_mirror_lake.json[39m[0m
[  27% ] [90m[1msavepack[22m | Storing File: res://entities/common/creatures.json[39m[0m
[  27% ] [90m[1msavepack[22m | Storing File: res://entities/common/flora.json[39m[0m
[  27% ] [90m[1msavepack[22m | Storing File: res://entities/common/hazard.json[39m[0m
[  28% ] [90m[1msavepack[22m | Storing File: res://entities/common/loot.json[39m[0m
[  28% ] [90m[1msavepack[22m | Storing File: res://entities/common/resources.json[39m[0m
[  29% ] [90m[1msavepack[22m | Storing File: res://entities/common/traits.json[39m[0m
[  29% ] [90m[1msavepack[22m | Storing File: res://entities/common/weather.json[39m[0m
[  30% ] [90m[1msavepack[22m | Storing File: res://iteams/common2/creatures.json[39m[0m
[  30% ] [90m[1msavepack[22m | Storing File: res://iteams/common2/flora.json[39m[0m
[  31% ] [90m[1msavepack[22m | Storing File: res://iteams/common2/hazard.json[39m[0m
[  31% ] [90m[1msavepack[22m | Storing File: res://iteams/common2/loot.json[39m[0m
[  31% ] [90m[1msavepack[22m | Storing File: res://iteams/common2/resources.json[39m[0m
[  32% ] [90m[1msavepack[22m | Storing File: res://iteams/common2/traits.json[39m[0m
[  32% ] [90m[1msavepack[22m | Storing File: res://iteams/common2/weather.json[39m[0m
[  33% ] [90m[1msavepack[22m | Storing File: res://.godot/exported/133200997/export-bb55cee37c263f774b74fbee3083e3e3-lake_town_world_viewer.scn[39m[0m
[  33% ] [90m[1msavepack[22m | Storing File: res://.godot/exported/133200997/export-801ead9227bfb02f5028e217e41e8255-v5_live_location_viewer.scn[39m[0m
[  33% ] [90m[1msavepack[22m | Storing File: res://.godot/exported/133200997/export-4a789ac2753624c4e6791af3fd5872f6-v5_location_foundation_viewer.scn[39m[0m
[  33% ] [90m[1msavepack[22m | Storing File: res://.godot/exported/133200997/export-bf101e19d68c686f3fcd780834535bef-v5_seventh_outpost_viewer.scn[39m[0m
[  33% ] [90m[1msavepack[22m | Storing File: res://.godot/exported/133200997/export-594956778915e3421742ceaeebe3582e-world_bootstrap.scn[39m[0m
[  34% ] [90m[1msavepack[22m | Storing File: res://.godot/exported/133200997/export-7e801e786a89518d2cc61454aac583ed-world_demo.scn[39m[0m
[  34% ] [90m[1msavepack[22m | Storing File: res://.godot/exported/133200997/export-510cce7f8ddde70e48f1cf7654fc8467-button.scn[39m[0m
[  35% ] [90m[1msavepack[22m | Storing File: res://.godot/exported/133200997/export-499830a223a428dd076e6ccc925b8594-mainui.scn[39m[0m
[  35% ] [90m[1msavepack[22m | Storing File: res://scenes/ui/stats_area.gdc[39m[0m
[  36% ] [90m[1msavepack[22m | Storing File: res://scenes/ui/story_player.gdc[39m[0m
[  36% ] [90m[1msavepack[22m | Storing File: res://.godot/exported/133200997/export-9e3c47105d2fb7ebfdf87c1c00eba25f-forrest.scn[39m[0m
[  36% ] [90m[1msavepack[22m | Storing File: res://.godot/exported/133200997/export-234fb6894ec6226e856ab7f825500d3d-player.scn[39m[0m
[  37% ] [90m[1msavepack[22m | Storing File: res://scripts/agent/agent_game_session.gdc[39m[0m
[  37% ] [90m[1msavepack[22m | Storing File: res://scripts/agent/agent_stdio_driver.gdc[39m[0m
[  38% ] [90m[1msavepack[22m | Storing File: res://scripts/agent/agent_stdio_runner.gdc[39m[0m
[  38% ] [90m[1msavepack[22m | Storing File: res://scripts/dev/lake_town_history_quality_auditor.gdc[39m[0m
[  39% ] [90m[1msavepack[22m | Storing File: res://scripts/dev/lake_town_history_variation_runner.gdc[39m[0m
[  39% ] [90m[1msavepack[22m | Storing File: res://scripts/dev/lake_town_living_surface_builder.gdc[39m[0m
[  40% ] [90m[1msavepack[22m | Storing File: res://scripts/dev/lake_town_living_surface_templates.gdc[39m[0m
[  40% ] [90m[1msavepack[22m | Storing File: res://scripts/dev/lake_town_world_viewer.gdc[39m[0m
[  40% ] [90m[1msavepack[22m | Storing File: res://scripts/dev/lake_town_world_viewer_runner.gdc[39m[0m
[  41% ] [90m[1msavepack[22m | Storing File: res://scripts/dev/lake_town_world_view_model.gdc[39m[0m
[  41% ] [90m[1msavepack[22m | Storing File: res://scripts/dev/local_story_module_runner.gdc[39m[0m
[  42% ] [90m[1msavepack[22m | Storing File: res://scripts/dev/world_sim_observer.gdc[39m[0m
[  42% ] [90m[1msavepack[22m | Storing File: res://scripts/gen/common/deep_merge.gdc[39m[0m
[  43% ] [90m[1msavepack[22m | Storing File: res://scripts/gen/common/json_util.gdc[39m[0m
[  43% ] [90m[1msavepack[22m | Storing File: res://scripts/gen/common/weighted_pick.gdc[39m[0m
[  43% ] [90m[1msavepack[22m | Storing File: res://scripts/gen/proc/creature_variant_generator.gdc[39m[0m
[  44% ] [90m[1msavepack[22m | Storing File: res://scripts/gen/proc/equipment_generator.gdc[39m[0m
[  44% ] [90m[1msavepack[22m | Storing File: res://scripts/gen/chain_engine.gdc[39m[0m
[  45% ] [90m[1msavepack[22m | Storing File: res://scripts/gen/creatures_generator.gdc[39m[0m
[  45% ] [90m[1msavepack[22m | Storing File: res://scripts/gen/event_generator.gdc[39m[0m
[  46% ] [90m[1msavepack[22m | Storing File: res://scripts/gen/npc_interactions.gdc[39m[0m
[  46% ] [90m[1msavepack[22m | Storing File: res://scripts/gen/region_generator.gdc[39m[0m
[  46% ] [90m[1msavepack[22m | Storing File: res://scripts/gen/region_loader.gdc[39m[0m
[  47% ] [90m[1msavepack[22m | Storing File: res://scripts/gen/registry.gdc[39m[0m
[  47% ] [90m[1msavepack[22m | Storing File: res://scripts/gen/resource_generator.gdc[39m[0m
[  48% ] [90m[1msavepack[22m | Storing File: res://scripts/gen/world_generation_v03.gdc[39m[0m
[  48% ] [90m[1msavepack[22m | Storing File: res://scripts/rebuild/live_world_save.gdc[39m[0m
[  49% ] [90m[1msavepack[22m | Storing File: res://scripts/rebuild/region_graph.gdc[39m[0m
[  49% ] [90m[1msavepack[22m | Storing File: res://scripts/rebuild/region_map_projection.gdc[39m[0m
[  50% ] [90m[1msavepack[22m | Storing File: res://scripts/rebuild/v5_live_location_viewer.gdc[39m[0m
[  50% ] [90m[1msavepack[22m | Storing File: res://scripts/rebuild/v5_live_location_view_model.gdc[39m[0m
[  50% ] [90m[1msavepack[22m | Storing File: res://scripts/rebuild/v5_location_foundation_state.gdc[39m[0m
[  51% ] [90m[1msavepack[22m | Storing File: res://scripts/rebuild/v5_location_foundation_viewer.gdc[39m[0m
[  51% ] [90m[1msavepack[22m | Storing File: res://scripts/rebuild/v5_location_foundation_view_model.gdc[39m[0m
[  52% ] [90m[1msavepack[22m | Storing File: res://scripts/rebuild/v5_seventh_outpost_viewer.gdc[39m[0m
[  52% ] [90m[1msavepack[22m | Storing File: res://scripts/rebuild/v5_seventh_outpost_view_model.gdc[39m[0m
[  53% ] [90m[1msavepack[22m | Storing File: res://scripts/rebuild/v5_shared_interface_style.gdc[39m[0m
[  53% ] [90m[1msavepack[22m | Storing File: res://scripts/rebuild/v5_shared_world_surface.gdc[39m[0m
[  53% ] [90m[1msavepack[22m | Storing File: res://scripts/rebuild/world_bootstrap.gdc[39m[0m
[  54% ] [90m[1msavepack[22m | Storing File: res://scripts/rebuild/world_demo_viewer.gdc[39m[0m
[  54% ] [90m[1msavepack[22m | Storing File: res://scripts/sim/action/action_affordance_system.gdc[39m[0m
[  55% ] [90m[1msavepack[22m | Storing File: res://scripts/sim/action/action_candidate.gdc[39m[0m
[  55% ] [90m[1msavepack[22m | Storing File: res://scripts/sim/action/action_contract_resolver.gdc[39m[0m
[  56% ] [90m[1msavepack[22m | Storing File: res://scripts/sim/action/raw_rule_contract_validator.gdc[39m[0m
[  56% ] [90m[1msavepack[22m | Storing File: res://scripts/sim/challenge/challenge_resolver.gdc[39m[0m
[  56% ] [90m[1msavepack[22m | Storing File: res://scripts/sim/character_feature/character_feature_store.gdc[39m[0m
[  57% ] [90m[1msavepack[22m | Storing File: res://scripts/sim/character_feature/character_progress_projector.gdc[39m[0m
[  57% ] [90m[1msavepack[22m | Storing File: res://scripts/sim/chronicle/challenge_chronicle_builder.gdc[39m[0m
[  58% ] [90m[1msavepack[22m | Storing File: res://scripts/sim/chronicle/chronicle_entry_builder.gdc[39m[0m
[  58% ] [90m[1msavepack[22m | Storing File: res://scripts/sim/chronicle/chronicle_store.gdc[39m[0m
[  59% ] [90m[1msavepack[22m | Storing File: res://scripts/sim/combat/combat_encounter_director.gdc[39m[0m
[  59% ] [90m[1msavepack[22m | Storing File: res://scripts/sim/combat/combat_encounter_resolver.gdc[39m[0m
[  60% ] [90m[1msavepack[22m | Storing File: res://scripts/sim/consequence/consequence_trigger_system.gdc[39m[0m
[  60% ] [90m[1msavepack[22m | Storing File: res://scripts/sim/consequence/due_resolution_policy.gdc[39m[0m
[  60% ] [90m[1msavepack[22m | Storing File: res://scripts/sim/consequence/due_resolution_system.gdc[39m[0m
[  61% ] [90m[1msavepack[22m | Storing File: res://scripts/sim/consequence/due_trigger_system.gdc[39m[0m
[  61% ] [90m[1msavepack[22m | Storing File: res://scripts/sim/core/sim_context.gdc[39m[0m
[  62% ] [90m[1msavepack[22m | Storing File: res://scripts/sim/core/sim_registry.gdc[39m[0m
[  62% ] [90m[1msavepack[22m | Storing File: res://scripts/sim/core/sim_runner.gdc[39m[0m
[  63% ] [90m[1msavepack[22m | Storing File: res://scripts/sim/core/sim_session.gdc[39m[0m
[  63% ] [90m[1msavepack[22m | Storing File: res://scripts/sim/core/sim_snapshot.gdc[39m[0m
[  63% ] [90m[1msavepack[22m | Storing File: res://scripts/sim/core/sim_snapshot_builder.gdc[39m[0m
[  64% ] [90m[1msavepack[22m | Storing File: res://scripts/sim/core/sim_world_log.gdc[39m[0m
[  64% ] [90m[1msavepack[22m | Storing File: res://scripts/sim/deferred/deferred_consequence_store.gdc[39m[0m
[  65% ] [90m[1msavepack[22m | Storing File: res://scripts/sim/echo/return_echo_resolver.gdc[39m[0m
[  65% ] [90m[1msavepack[22m | Storing File: res://scripts/sim/economy/economic_world_setup.gdc[39m[0m
[  66% ] [90m[1msavepack[22m | Storing File: res://scripts/sim/economy/local_procurement_system.gdc[39m[0m
[  66% ] [90m[1msavepack[22m | Storing File: res://scripts/sim/economy/market_service.gdc[39m[0m
[  66% ] [90m[1msavepack[22m | Storing File: res://scripts/sim/economy/operational_material_service.gdc[39m[0m
[  66% ] [90m[1msavepack[22m | Storing File: res://scripts/sim/economy/treasury_transfer_planner.gdc[39m[0m
[  66% ] [90m[1msavepack[22m | Storing File: res://scripts/sim/entity/entity_store.gdc[39m[0m
[  67% ] [90m[1msavepack[22m | Storing File: res://scripts/sim/equipment/equipment_loadout_store.gdc[39m[0m
[  67% ] [90m[1msavepack[22m | Storing File: res://scripts/sim/exchange/exchange_store.gdc[39m[0m
[  68% ] [90m[1msavepack[22m | Storing File: res://scripts/sim/fact/fact_store.gdc[39m[0m
[  68% ] [90m[1msavepack[22m | Storing File: res://scripts/sim/generation/organization_generator.gdc[39m[0m
[  69% ] [90m[1msavepack[22m | Storing File: res://scripts/sim/generation/resident_generator.gdc[39m[0m
[  69% ] [90m[1msavepack[22m | Storing File: res://scripts/sim/generation/settlement_generator.gdc[39m[0m
[  69% ] [90m[1msavepack[22m | Storing File: res://scripts/sim/generation/settlement_network_generator.gdc[39m[0m
[  70% ] [90m[1msavepack[22m | Storing File: res://scripts/sim/investigation/investigation_chronicle_builder.gdc[39m[0m
[  70% ] [90m[1msavepack[22m | Storing File: res://scripts/sim/investigation/investigation_lead_store.gdc[39m[0m
[  71% ] [90m[1msavepack[22m | Storing File: res://scripts/sim/investigation/investigation_resolver.gdc[39m[0m
[  71% ] [90m[1msavepack[22m | Storing File: res://scripts/sim/item/item_consumption_planner.gdc[39m[0m
[  72% ] [90m[1msavepack[22m | Storing File: res://scripts/sim/item/item_store.gdc[39m[0m
[  72% ] [90m[1msavepack[22m | Storing File: res://scripts/sim/life_project/life_project_controller.gdc[39m[0m
[  72% ] [90m[1msavepack[22m | Storing File: res://scripts/sim/memory/memory_store.gdc[39m[0m
[  73% ] [90m[1msavepack[22m | Storing File: res://scripts/sim/migration/settlement_absorption_system.gdc[39m[0m
[  73% ] [90m[1msavepack[22m | Storing File: res://scripts/sim/modules/lake_town_food_crisis_module.gdc[39m[0m
[  74% ] [90m[1msavepack[22m | Storing File: res://scripts/sim/narrative/narrative_surface_adapter.gdc[39m[0m
[  74% ] [90m[1msavepack[22m | Storing File: res://scripts/sim/npc/npc_decision_system.gdc[39m[0m
[  75% ] [90m[1msavepack[22m | Storing File: res://scripts/sim/npc/npc_livelihood_system.gdc[39m[0m
[  75% ] [90m[1msavepack[22m | Storing File: res://scripts/sim/npc/npc_need_system.gdc[39m[0m
[  75% ] [90m[1msavepack[22m | Storing File: res://scripts/sim/npc/npc_social_followup_system.gdc[39m[0m
[  76% ] [90m[1msavepack[22m | Storing File: res://scripts/sim/obligation/obligation_store.gdc[39m[0m
[  76% ] [90m[1msavepack[22m | Storing File: res://scripts/sim/organization/organization_lifecycle_system.gdc[39m[0m
[  77% ] [90m[1msavepack[22m | Storing File: res://scripts/sim/organization/organization_response_system.gdc[39m[0m
[  77% ] [90m[1msavepack[22m | Storing File: res://scripts/sim/organization/organization_runtime_system.gdc[39m[0m
[  78% ] [90m[1msavepack[22m | Storing File: res://scripts/sim/population/family_generation_system.gdc[39m[0m
[  78% ] [90m[1msavepack[22m | Storing File: res://scripts/sim/population/labor_absorption_system.gdc[39m[0m
[  79% ] [90m[1msavepack[22m | Storing File: res://scripts/sim/population/population_lifecycle_system.gdc[39m[0m
[  79% ] [90m[1msavepack[22m | Storing File: res://scripts/sim/pressure/pressure_store.gdc[39m[0m
[  79% ] [90m[1msavepack[22m | Storing File: res://scripts/sim/relationship/relationship_store.gdc[39m[0m
[  80% ] [90m[1msavepack[22m | Storing File: res://scripts/sim/resource/resource_access.gdc[39m[0m
[  80% ] [90m[1msavepack[22m | Storing File: res://scripts/sim/resource/resource_stock_store.gdc[39m[0m
[  81% ] [90m[1msavepack[22m | Storing File: res://scripts/sim/resource/route_pressure_query.gdc[39m[0m
[  81% ] [90m[1msavepack[22m | Storing File: res://scripts/sim/resource/settlement_environment_system.gdc[39m[0m
[  82% ] [90m[1msavepack[22m | Storing File: res://scripts/sim/resource/settlement_network_system.gdc[39m[0m
[  82% ] [90m[1msavepack[22m | Storing File: res://scripts/sim/resource/settlement_resource_system.gdc[39m[0m
[  82% ] [90m[1msavepack[22m | Storing File: res://scripts/sim/rumor/rumor_store.gdc[39m[0m
[  83% ] [90m[1msavepack[22m | Storing File: res://scripts/sim/save/life_stage_transition_relay.gdc[39m[0m
[  83% ] [90m[1msavepack[22m | Storing File: res://scripts/sim/save/life_stage_transition_service.gdc[39m[0m
[  84% ] [90m[1msavepack[22m | Storing File: res://scripts/sim/save/save_envelope_service.gdc[39m[0m
[  84% ] [90m[1msavepack[22m | Storing File: res://scripts/sim/settlement/industry_lifecycle_system.gdc[39m[0m
[  85% ] [90m[1msavepack[22m | Storing File: res://scripts/sim/settlement/industry_runtime_catalog.gdc[39m[0m
[  85% ] [90m[1msavepack[22m | Storing File: res://scripts/sim/settlement/settlement_capacity_adaptation_system.gdc[39m[0m
[  85% ] [90m[1msavepack[22m | Storing File: res://scripts/sim/state/state_store.gdc[39m[0m
[  86% ] [90m[1msavepack[22m | Storing File: res://scripts/sim/trace/trace_store.gdc[39m[0m
[  86% ] [90m[1msavepack[22m | Storing File: res://scripts/sim/transaction/effect_protocol_resolver.gdc[39m[0m
[  87% ] [90m[1msavepack[22m | Storing File: res://scripts/sim/transaction/effect_template_resolver.gdc[39m[0m
[  87% ] [90m[1msavepack[22m | Storing File: res://scripts/sim/transaction/transaction_resolver.gdc[39m[0m
[  88% ] [90m[1msavepack[22m | Storing File: res://scripts/sim/transaction/transaction_result.gdc[39m[0m
[  88% ] [90m[1msavepack[22m | Storing File: res://scripts/sim/transaction/transaction_world_writer.gdc[39m[0m
[  89% ] [90m[1msavepack[22m | Storing File: res://scripts/sim/travel/travel_resolver.gdc[39m[0m
[  89% ] [90m[1msavepack[22m | Storing File: res://scripts/sim/world_tick/tick_event_schema.gdc[39m[0m
[  89% ] [90m[1msavepack[22m | Storing File: res://scripts/sim/world_tick/world_tick_adapter.gdc[39m[0m
[  90% ] [90m[1msavepack[22m | Storing File: res://scripts/sim/history_quality_audit.gdc[39m[0m
[  90% ] [90m[1msavepack[22m | Storing File: res://scripts/sim/lake_town_branch_closure_system.gdc[39m[0m
[  91% ] [90m[1msavepack[22m | Storing File: res://scripts/sim/lake_town_food_chain.gdc[39m[0m
[  91% ] [90m[1msavepack[22m | Storing File: res://scripts/sim/lake_town_hunger_closure_system.gdc[39m[0m
[  92% ] [90m[1msavepack[22m | Storing File: res://scripts/sim/lake_town_reaction_system.gdc[39m[0m
[  92% ] [90m[1msavepack[22m | Storing File: res://scripts/sim/lake_town_recovery_system.gdc[39m[0m
[  92% ] [90m[1msavepack[22m | Storing File: res://scripts/sim/lake_town_seed_profile.gdc[39m[0m
[  93% ] [90m[1msavepack[22m | Storing File: res://scripts/sim/local_story_module.gdc[39m[0m
[  93% ] [90m[1msavepack[22m | Storing File: res://scripts/sim/local_story_pipeline.gdc[39m[0m
[  94% ] [90m[1msavepack[22m | Storing File: res://scripts/sim/micro_action_resolver.gdc[39m[0m
[  94% ] [90m[1msavepack[22m | Storing File: res://scripts/sim/player_world_actions.gdc[39m[0m
[  95% ] [90m[1msavepack[22m | Storing File: res://scripts/sim/region_sim_profile.gdc[39m[0m
[  95% ] [90m[1msavepack[22m | Storing File: res://scripts/sim/world_news_digest.gdc[39m[0m
[  95% ] [90m[1msavepack[22m | Storing File: res://scripts/sim/world_simulator.gdc[39m[0m
[  96% ] [90m[1msavepack[22m | Storing File: res://scripts/sim/world_sim_debug_runner.gdc[39m[0m
[  96% ] [90m[1msavepack[22m | Storing File: res://scripts/sim/world_sim_lead_adapter.gdc[39m[0m
[  97% ] [90m[1msavepack[22m | Storing File: res://scripts/sim/world_sim_state.gdc[39m[0m
[  97% ] [90m[1msavepack[22m | Storing File: res://scripts/sim/world_to_leads_projector.gdc[39m[0m
[  98% ] [90m[1msavepack[22m | Storing File: res://scripts/sys/RNG.gdc[39m[0m
[  98% ] [90m[1msavepack[22m | Storing File: res://scripts/sys/WorldState.gdc[39m[0m
[  98% ] [90m[1msavepack[22m | Storing File: res://scenes/dev/lake_town_world_viewer.tscn.remap[39m[0m
[  98% ] [90m[1msavepack[22m | Storing File: res://scenes/rebuild/v5_live_location_viewer.tscn.remap[39m[0m
[  98% ] [90m[1msavepack[22m | Storing File: res://scenes/rebuild/v5_location_foundation_viewer.tscn.remap[39m[0m
[  98% ] [90m[1msavepack[22m | Storing File: res://scenes/rebuild/v5_seventh_outpost_viewer.tscn.remap[39m[0m
[  98% ] [90m[1msavepack[22m | Storing File: res://scenes/rebuild/world_bootstrap.tscn.remap[39m[0m
[  98% ] [90m[1msavepack[22m | Storing File: res://scenes/rebuild/world_demo.tscn.remap[39m[0m
[  98% ] [90m[1msavepack[22m | Storing File: res://scenes/ui/button.tscn.remap[39m[0m
[  98% ] [90m[1msavepack[22m | Storing File: res://scenes/ui/mainui.tscn.remap[39m[0m
[  98% ] [90m[1msavepack[22m | Storing File: res://scenes/ui/stats_area.gd.remap[39m[0m
[  98% ] [90m[1msavepack[22m | Storing File: res://scenes/ui/story_player.gd.remap[39m[0m
[  98% ] [90m[1msavepack[22m | Storing File: res://scenes/forrest.tscn.remap[39m[0m
[  98% ] [90m[1msavepack[22m | Storing File: res://scenes/player.tscn.remap[39m[0m
[  98% ] [90m[1msavepack[22m | Storing File: res://scripts/agent/agent_game_session.gd.remap[39m[0m
[  98% ] [90m[1msavepack[22m | Storing File: res://scripts/agent/agent_stdio_driver.gd.remap[39m[0m
[  98% ] [90m[1msavepack[22m | Storing File: res://scripts/agent/agent_stdio_runner.gd.remap[39m[0m
[  98% ] [90m[1msavepack[22m | Storing File: res://scripts/dev/lake_town_history_quality_auditor.gd.remap[39m[0m
[  98% ] [90m[1msavepack[22m | Storing File: res://scripts/dev/lake_town_history_variation_runner.gd.remap[39m[0m
[  98% ] [90m[1msavepack[22m | Storing File: res://scripts/dev/lake_town_living_surface_builder.gd.remap[39m[0m
[  98% ] [90m[1msavepack[22m | Storing File: res://scripts/dev/lake_town_living_surface_templates.gd.remap[39m[0m
[  98% ] [90m[1msavepack[22m | Storing File: res://scripts/dev/lake_town_world_viewer.gd.remap[39m[0m
[  98% ] [90m[1msavepack[22m | Storing File: res://scripts/dev/lake_town_world_viewer_runner.gd.remap[39m[0m
[  98% ] [90m[1msavepack[22m | Storing File: res://scripts/dev/lake_town_world_view_model.gd.remap[39m[0m
[  98% ] [90m[1msavepack[22m | Storing File: res://scripts/dev/local_story_module_runner.gd.remap[39m[0m
[  98% ] [90m[1msavepack[22m | Storing File: res://scripts/dev/world_sim_observer.gd.remap[39m[0m
[  98% ] [90m[1msavepack[22m | Storing File: res://scripts/gen/common/deep_merge.gd.remap[39m[0m
[  98% ] [90m[1msavepack[22m | Storing File: res://scripts/gen/common/json_util.gd.remap[39m[0m
[  98% ] [90m[1msavepack[22m | Storing File: res://scripts/gen/common/weighted_pick.gd.remap[39m[0m
[  98% ] [90m[1msavepack[22m | Storing File: res://scripts/gen/proc/creature_variant_generator.gd.remap[39m[0m
[  98% ] [90m[1msavepack[22m | Storing File: res://scripts/gen/proc/equipment_generator.gd.remap[39m[0m
[  98% ] [90m[1msavepack[22m | Storing File: res://scripts/gen/chain_engine.gd.remap[39m[0m
[  98% ] [90m[1msavepack[22m | Storing File: res://scripts/gen/creatures_generator.gd.remap[39m[0m
[  98% ] [90m[1msavepack[22m | Storing File: res://scripts/gen/event_generator.gd.remap[39m[0m
[  98% ] [90m[1msavepack[22m | Storing File: res://scripts/gen/npc_interactions.gd.remap[39m[0m
[  98% ] [90m[1msavepack[22m | Storing File: res://scripts/gen/region_generator.gd.remap[39m[0m
[  98% ] [90m[1msavepack[22m | Storing File: res://scripts/gen/region_loader.gd.remap[39m[0m
[  98% ] [90m[1msavepack[22m | Storing File: res://scripts/gen/registry.gd.remap[39m[0m
[  98% ] [90m[1msavepack[22m | Storing File: res://scripts/gen/resource_generator.gd.remap[39m[0m
[  98% ] [90m[1msavepack[22m | Storing File: res://scripts/gen/world_generation_v03.gd.remap[39m[0m
[  98% ] [90m[1msavepack[22m | Storing File: res://scripts/rebuild/live_world_save.gd.remap[39m[0m
[  98% ] [90m[1msavepack[22m | Storing File: res://scripts/rebuild/region_graph.gd.remap[39m[0m
[  98% ] [90m[1msavepack[22m | Storing File: res://scripts/rebuild/region_map_projection.gd.remap[39m[0m
[  98% ] [90m[1msavepack[22m | Storing File: res://scripts/rebuild/v5_live_location_viewer.gd.remap[39m[0m
[  98% ] [90m[1msavepack[22m | Storing File: res://scripts/rebuild/v5_live_location_view_model.gd.remap[39m[0m
[  98% ] [90m[1msavepack[22m | Storing File: res://scripts/rebuild/v5_location_foundation_state.gd.remap[39m[0m
[  98% ] [90m[1msavepack[22m | Storing File: res://scripts/rebuild/v5_location_foundation_viewer.gd.remap[39m[0m
[  98% ] [90m[1msavepack[22m | Storing File: res://scripts/rebuild/v5_location_foundation_view_model.gd.remap[39m[0m
[  98% ] [90m[1msavepack[22m | Storing File: res://scripts/rebuild/v5_seventh_outpost_viewer.gd.remap[39m[0m
[  98% ] [90m[1msavepack[22m | Storing File: res://scripts/rebuild/v5_seventh_outpost_view_model.gd.remap[39m[0m
[  98% ] [90m[1msavepack[22m | Storing File: res://scripts/rebuild/v5_shared_interface_style.gd.remap[39m[0m
[  98% ] [90m[1msavepack[22m | Storing File: res://scripts/rebuild/v5_shared_world_surface.gd.remap[39m[0m
[  98% ] [90m[1msavepack[22m | Storing File: res://scripts/rebuild/world_bootstrap.gd.remap[39m[0m
[  98% ] [90m[1msavepack[22m | Storing File: res://scripts/rebuild/world_demo_viewer.gd.remap[39m[0m
[  98% ] [90m[1msavepack[22m | Storing File: res://scripts/sim/action/action_affordance_system.gd.remap[39m[0m
[  98% ] [90m[1msavepack[22m | Storing File: res://scripts/sim/action/action_candidate.gd.remap[39m[0m
[  98% ] [90m[1msavepack[22m | Storing File: res://scripts/sim/action/action_contract_resolver.gd.remap[39m[0m
[  98% ] [90m[1msavepack[22m | Storing File: res://scripts/sim/action/raw_rule_contract_validator.gd.remap[39m[0m
[  98% ] [90m[1msavepack[22m | Storing File: res://scripts/sim/challenge/challenge_resolver.gd.remap[39m[0m
[  98% ] [90m[1msavepack[22m | Storing File: res://scripts/sim/character_feature/character_feature_store.gd.remap[39m[0m
[  98% ] [90m[1msavepack[22m | Storing File: res://scripts/sim/character_feature/character_progress_projector.gd.remap[39m[0m
[  98% ] [90m[1msavepack[22m | Storing File: res://scripts/sim/chronicle/challenge_chronicle_builder.gd.remap[39m[0m
[  98% ] [90m[1msavepack[22m | Storing File: res://scripts/sim/chronicle/chronicle_entry_builder.gd.remap[39m[0m
[  98% ] [90m[1msavepack[22m | Storing File: res://scripts/sim/chronicle/chronicle_store.gd.remap[39m[0m
[  98% ] [90m[1msavepack[22m | Storing File: res://scripts/sim/combat/combat_encounter_director.gd.remap[39m[0m
[  98% ] [90m[1msavepack[22m | Storing File: res://scripts/sim/combat/combat_encounter_resolver.gd.remap[39m[0m
[  98% ] [90m[1msavepack[22m | Storing File: res://scripts/sim/consequence/consequence_trigger_system.gd.remap[39m[0m
[  98% ] [90m[1msavepack[22m | Storing File: res://scripts/sim/consequence/due_resolution_policy.gd.remap[39m[0m
[  98% ] [90m[1msavepack[22m | Storing File: res://scripts/sim/consequence/due_resolution_system.gd.remap[39m[0m
[  98% ] [90m[1msavepack[22m | Storing File: res://scripts/sim/consequence/due_trigger_system.gd.remap[39m[0m
[  98% ] [90m[1msavepack[22m | Storing File: res://scripts/sim/core/sim_context.gd.remap[39m[0m
[  98% ] [90m[1msavepack[22m | Storing File: res://scripts/sim/core/sim_registry.gd.remap[39m[0m
[  98% ] [90m[1msavepack[22m | Storing File: res://scripts/sim/core/sim_runner.gd.remap[39m[0m
[  98% ] [90m[1msavepack[22m | Storing File: res://scripts/sim/core/sim_session.gd.remap[39m[0m
[  98% ] [90m[1msavepack[22m | Storing File: res://scripts/sim/core/sim_snapshot.gd.remap[39m[0m
[  98% ] [90m[1msavepack[22m | Storing File: res://scripts/sim/core/sim_snapshot_builder.gd.remap[39m[0m
[  98% ] [90m[1msavepack[22m | Storing File: res://scripts/sim/core/sim_world_log.gd.remap[39m[0m
[  98% ] [90m[1msavepack[22m | Storing File: res://scripts/sim/deferred/deferred_consequence_store.gd.remap[39m[0m
[  98% ] [90m[1msavepack[22m | Storing File: res://scripts/sim/echo/return_echo_resolver.gd.remap[39m[0m
[  98% ] [90m[1msavepack[22m | Storing File: res://scripts/sim/economy/economic_world_setup.gd.remap[39m[0m
[  98% ] [90m[1msavepack[22m | Storing File: res://scripts/sim/economy/local_procurement_system.gd.remap[39m[0m
[  98% ] [90m[1msavepack[22m | Storing File: res://scripts/sim/economy/market_service.gd.remap[39m[0m
[  98% ] [90m[1msavepack[22m | Storing File: res://scripts/sim/economy/operational_material_service.gd.remap[39m[0m
[  98% ] [90m[1msavepack[22m | Storing File: res://scripts/sim/economy/treasury_transfer_planner.gd.remap[39m[0m
[  98% ] [90m[1msavepack[22m | Storing File: res://scripts/sim/entity/entity_store.gd.remap[39m[0m
[  98% ] [90m[1msavepack[22m | Storing File: res://scripts/sim/equipment/equipment_loadout_store.gd.remap[39m[0m
[  98% ] [90m[1msavepack[22m | Storing File: res://scripts/sim/exchange/exchange_store.gd.remap[39m[0m
[  98% ] [90m[1msavepack[22m | Storing File: res://scripts/sim/fact/fact_store.gd.remap[39m[0m
[  98% ] [90m[1msavepack[22m | Storing File: res://scripts/sim/generation/organization_generator.gd.remap[39m[0m
[  98% ] [90m[1msavepack[22m | Storing File: res://scripts/sim/generation/resident_generator.gd.remap[39m[0m
[  98% ] [90m[1msavepack[22m | Storing File: res://scripts/sim/generation/settlement_generator.gd.remap[39m[0m
[  98% ] [90m[1msavepack[22m | Storing File: res://scripts/sim/generation/settlement_network_generator.gd.remap[39m[0m
[  98% ] [90m[1msavepack[22m | Storing File: res://scripts/sim/investigation/investigation_chronicle_builder.gd.remap[39m[0m
[  98% ] [90m[1msavepack[22m | Storing File: res://scripts/sim/investigation/investigation_lead_store.gd.remap[39m[0m
[  98% ] [90m[1msavepack[22m | Storing File: res://scripts/sim/investigation/investigation_resolver.gd.remap[39m[0m
[  98% ] [90m[1msavepack[22m | Storing File: res://scripts/sim/item/item_consumption_planner.gd.remap[39m[0m
[  98% ] [90m[1msavepack[22m | Storing File: res://scripts/sim/item/item_store.gd.remap[39m[0m
[  98% ] [90m[1msavepack[22m | Storing File: res://scripts/sim/life_project/life_project_controller.gd.remap[39m[0m
[  98% ] [90m[1msavepack[22m | Storing File: res://scripts/sim/memory/memory_store.gd.remap[39m[0m
[  98% ] [90m[1msavepack[22m | Storing File: res://scripts/sim/migration/settlement_absorption_system.gd.remap[39m[0m
[  98% ] [90m[1msavepack[22m | Storing File: res://scripts/sim/modules/lake_town_food_crisis_module.gd.remap[39m[0m
[  98% ] [90m[1msavepack[22m | Storing File: res://scripts/sim/narrative/narrative_surface_adapter.gd.remap[39m[0m
[  98% ] [90m[1msavepack[22m | Storing File: res://scripts/sim/npc/npc_decision_system.gd.remap[39m[0m
[  98% ] [90m[1msavepack[22m | Storing File: res://scripts/sim/npc/npc_livelihood_system.gd.remap[39m[0m
[  98% ] [90m[1msavepack[22m | Storing File: res://scripts/sim/npc/npc_need_system.gd.remap[39m[0m
[  98% ] [90m[1msavepack[22m | Storing File: res://scripts/sim/npc/npc_social_followup_system.gd.remap[39m[0m
[  98% ] [90m[1msavepack[22m | Storing File: res://scripts/sim/obligation/obligation_store.gd.remap[39m[0m
[  98% ] [90m[1msavepack[22m | Storing File: res://scripts/sim/organization/organization_lifecycle_system.gd.remap[39m[0m
[  98% ] [90m[1msavepack[22m | Storing File: res://scripts/sim/organization/organization_response_system.gd.remap[39m[0m
[  98% ] [90m[1msavepack[22m | Storing File: res://scripts/sim/organization/organization_runtime_system.gd.remap[39m[0m
[  98% ] [90m[1msavepack[22m | Storing File: res://scripts/sim/population/family_generation_system.gd.remap[39m[0m
[  98% ] [90m[1msavepack[22m | Storing File: res://scripts/sim/population/labor_absorption_system.gd.remap[39m[0m
[  98% ] [90m[1msavepack[22m | Storing File: res://scripts/sim/population/population_lifecycle_system.gd.remap[39m[0m
[  98% ] [90m[1msavepack[22m | Storing File: res://scripts/sim/pressure/pressure_store.gd.remap[39m[0m
[  98% ] [90m[1msavepack[22m | Storing File: res://scripts/sim/relationship/relationship_store.gd.remap[39m[0m
[  98% ] [90m[1msavepack[22m | Storing File: res://scripts/sim/resource/resource_access.gd.remap[39m[0m
[  98% ] [90m[1msavepack[22m | Storing File: res://scripts/sim/resource/resource_stock_store.gd.remap[39m[0m
[  98% ] [90m[1msavepack[22m | Storing File: res://scripts/sim/resource/route_pressure_query.gd.remap[39m[0m
[  98% ] [90m[1msavepack[22m | Storing File: res://scripts/sim/resource/settlement_environment_system.gd.remap[39m[0m
[  98% ] [90m[1msavepack[22m | Storing File: res://scripts/sim/resource/settlement_network_system.gd.remap[39m[0m
[  98% ] [90m[1msavepack[22m | Storing File: res://scripts/sim/resource/settlement_resource_system.gd.remap[39m[0m
[  98% ] [90m[1msavepack[22m | Storing File: res://scripts/sim/rumor/rumor_store.gd.remap[39m[0m
[  98% ] [90m[1msavepack[22m | Storing File: res://scripts/sim/save/life_stage_transition_relay.gd.remap[39m[0m
[  98% ] [90m[1msavepack[22m | Storing File: res://scripts/sim/save/life_stage_transition_service.gd.remap[39m[0m
[  98% ] [90m[1msavepack[22m | Storing File: res://scripts/sim/save/save_envelope_service.gd.remap[39m[0m
[  98% ] [90m[1msavepack[22m | Storing File: res://scripts/sim/settlement/industry_lifecycle_system.gd.remap[39m[0m
[  98% ] [90m[1msavepack[22m | Storing File: res://scripts/sim/settlement/industry_runtime_catalog.gd.remap[39m[0m
[  98% ] [90m[1msavepack[22m | Storing File: res://scripts/sim/settlement/settlement_capacity_adaptation_system.gd.remap[39m[0m
[  98% ] [90m[1msavepack[22m | Storing File: res://scripts/sim/state/state_store.gd.remap[39m[0m
[  98% ] [90m[1msavepack[22m | Storing File: res://scripts/sim/trace/trace_store.gd.remap[39m[0m
[  98% ] [90m[1msavepack[22m | Storing File: res://scripts/sim/transaction/effect_protocol_resolver.gd.remap[39m[0m
[  98% ] [90m[1msavepack[22m | Storing File: res://scripts/sim/transaction/effect_template_resolver.gd.remap[39m[0m
[  98% ] [90m[1msavepack[22m | Storing File: res://scripts/sim/transaction/transaction_resolver.gd.remap[39m[0m
[  98% ] [90m[1msavepack[22m | Storing File: res://scripts/sim/transaction/transaction_result.gd.remap[39m[0m
[  98% ] [90m[1msavepack[22m | Storing File: res://scripts/sim/transaction/transaction_world_writer.gd.remap[39m[0m
[  98% ] [90m[1msavepack[22m | Storing File: res://scripts/sim/travel/travel_resolver.gd.remap[39m[0m
[  98% ] [90m[1msavepack[22m | Storing File: res://scripts/sim/world_tick/tick_event_schema.gd.remap[39m[0m
[  98% ] [90m[1msavepack[22m | Storing File: res://scripts/sim/world_tick/world_tick_adapter.gd.remap[39m[0m
[  98% ] [90m[1msavepack[22m | Storing File: res://scripts/sim/history_quality_audit.gd.remap[39m[0m
[  98% ] [90m[1msavepack[22m | Storing File: res://scripts/sim/lake_town_branch_closure_system.gd.remap[39m[0m
[  98% ] [90m[1msavepack[22m | Storing File: res://scripts/sim/lake_town_food_chain.gd.remap[39m[0m
[  98% ] [90m[1msavepack[22m | Storing File: res://scripts/sim/lake_town_hunger_closure_system.gd.remap[39m[0m
[  98% ] [90m[1msavepack[22m | Storing File: res://scripts/sim/lake_town_reaction_system.gd.remap[39m[0m
[  98% ] [90m[1msavepack[22m | Storing File: res://scripts/sim/lake_town_recovery_system.gd.remap[39m[0m
[  98% ] [90m[1msavepack[22m | Storing File: res://scripts/sim/lake_town_seed_profile.gd.remap[39m[0m
[  98% ] [90m[1msavepack[22m | Storing File: res://scripts/sim/local_story_module.gd.remap[39m[0m
[  98% ] [90m[1msavepack[22m | Storing File: res://scripts/sim/local_story_pipeline.gd.remap[39m[0m
[  98% ] [90m[1msavepack[22m | Storing File: res://scripts/sim/micro_action_resolver.gd.remap[39m[0m
[  98% ] [90m[1msavepack[22m | Storing File: res://scripts/sim/player_world_actions.gd.remap[39m[0m
[  98% ] [90m[1msavepack[22m | Storing File: res://scripts/sim/region_sim_profile.gd.remap[39m[0m
[  98% ] [90m[1msavepack[22m | Storing File: res://scripts/sim/world_news_digest.gd.remap[39m[0m
[  98% ] [90m[1msavepack[22m | Storing File: res://scripts/sim/world_simulator.gd.remap[39m[0m
[  98% ] [90m[1msavepack[22m | Storing File: res://scripts/sim/world_sim_debug_runner.gd.remap[39m[0m
[  98% ] [90m[1msavepack[22m | Storing File: res://scripts/sim/world_sim_lead_adapter.gd.remap[39m[0m
[  98% ] [90m[1msavepack[22m | Storing File: res://scripts/sim/world_sim_state.gd.remap[39m[0m
[  98% ] [90m[1msavepack[22m | Storing File: res://scripts/sim/world_to_leads_projector.gd.remap[39m[0m
[  98% ] [90m[1msavepack[22m | Storing File: res://scripts/sys/RNG.gd.remap[39m[0m
[  98% ] [90m[1msavepack[22m | Storing File: res://scripts/sys/WorldState.gd.remap[39m[0m
[  98% ] [90m[1msavepack[22m | Storing File: res://.godot/global_script_class_cache.cfg[39m[0m
[  98% ] [90m[1msavepack[22m | Storing File: res://art/icons/icon.svg[39m[0m
[  98% ] [90m[1msavepack[22m | Storing File: res://.godot/uid_cache.bin[39m[0m
[  98% ] [90m[1msavepack[22m | Storing File: res://project.binary[39m[0m
[92m[ DONE ][39m [1msavepack[22m
[0m
